npm warn Unknown env config "http-proxy". This will stop working in the next major version of npm.

> family-loop@0.1.0 test
> node --test

✔ account deletion migration enforces the approved recoverable grace state (2.212792ms)
✔ configured app gates family queries on deletion status and exposes recovery-only UI (1.994412ms)
✔ private media retains the established TTL until expiry-aware renewal exists (0.572327ms)
✔ permanent purge detaches shared creator references without cascading or reassignment (2.332015ms)
✔ purge state is leased, frozen, bounded, and service-role only (1.792415ms)
✔ prepare freezes a deterministic complete private-object plan and every destructive stage rechecks eligibility (0.876736ms)
✔ relational finalization is lease-bound, digest-bound, and object-absence gated (0.686614ms)
✔ completed replay is discoverable and inbound invitation identity is erased (0.479488ms)
✔ nullable event creators remain neutral in the application model (0.793988ms)
✔ journal records are encrypted, authenticated, chained, and head-anchored (1103.513257ms)
✔ validated head recovery accepts only an authenticated appended tail (1350.672787ms)
✔ per-operation transitions are monotonic and failure annotations never advance state (9787.731037ms)
✔ journal rejects tampering, unsupported fields, plaintext failure detail, and short retention (160.162763ms)
✔ restore gate denies traffic until every post-snapshot destructive operation is reconciled (0.563881ms)
✔ mobile scaffold and event-loop files exist (4.699414ms)
✔ compiled integration modules are reused without sharing service state (2375.354816ms)
✔ encrypted account export contains only the current user contributions and verifies integrity (2166.821227ms)
✔ account export reports an unavailable photo and succeeds on a later retry (1945.987299ms)
✔ account export caps streamed media before buffering and aborts hung reads (1806.320145ms)
✔ durable local service persists the family loop across reconstruction and can reseed (1704.371729ms)
✔ event and comment retries replay committed results without duplicate durable rows (973.320338ms)
✔ Supabase event and comment operation keys stay private and membership-locked through commit (0.969488ms)
✔ group member reads return the five Jones members, stay group-isolated, and survive durable reconstruction (485.653263ms)
✔ Supabase member adapter scopes memberships before resolving profiles (0.876376ms)
✔ Supabase RSVP identity comes from auth and local profile UI is explicitly a per-tab demo (0.914308ms)
✔ Supabase error boundary redacts backend details and keeps recovery categories actionable (1.044817ms)
✔ configured transport rejection becomes calm copy while safe validation copy is preserved (1.227108ms)
✔ privacy-safe telemetry is bounded, deduplicated, and excludes validation errors (1.602541ms)
✔ telemetry migration stores no caller or content and exposes only an authenticated bounded RPC (1.197081ms)
✔ Supabase retryable auth transport failures retain the network recovery category (0.170734ms)
✔ service reads retry once while writes never retry automatically (0.222147ms)
✔ reminder preference contract is exact-user/event scoped and delivery-honest (1.51592ms)
✔ local actor sessions isolate family identities while sharing authorized durable records (4856.720499ms)
✔ durable operations keep the actor captured at invocation across an immediate profile switch (849.67519ms)
✔ v3 durable messages and events migrate to actor-owned v8 records without changing revision (123.239993ms)
✔ v5 group notification fans out once per recipient in v8 without changing revision (244.482684ms)
✔ durable local service surfaces corrupt storage and write errors without silently resetting (365.937105ms)
✔ durable local service migrates pre-role v1 members to v8 without losing user data or revision (729.596459ms)
✔ media uploads are event-scoped, accessible, attributed when remote, removable, and v2-safe (728.018782ms)
✔ media Query contract is exact-event keyed and invalidates after add or remove (0.823317ms)
✔ durable local services serialize stale-instance mutations and advance revisions (1336.993057ms)
✔ durable stringify failures preserve acknowledged state and reset revisions safely (486.810153ms)
✔ explicit Supabase mode has a visible missing-config path and never selects durable local fallback (0.580651ms)
✔ App entry composes the navigation shell (0.123817ms)
✔ web routes preserve tabs and exact event IDs while unknown hashes safely return Home (0.776146ms)
✔ invitation routes accept only canonical 32-byte base64url tokens and never persist them (1.090115ms)
✔ invitation preview identifies only a proven wrong-account session for account switching (0.410445ms)
✔ invited signup outcomes distinguish authenticated, duplicate, ambiguous, and unrelated responses (0.271095ms)
✔ invite email matching and auth-event profile fallback are deterministic and fail closed (0.175187ms)
✔ invitation drafts normalize email and retain one canonical 32-byte token across retries (0.586363ms)
✔ configured service maps the accepted family lifecycle RPC contract without direct group writes (1.15271ms)
✔ active group initialization is persisted-or-empty and transition eviction precedes observation (245.38178ms)
✔ latest-resolution guard deterministically rejects stale restore and auth-event results (0.329511ms)
✔ local demo keeps stable family creation retries and honestly declines remote-only capabilities (361.451637ms)
✔ Family screen is service-backed with owner and member controls (0.976151ms)
✔ hosted invitation email is a separate explicit, idempotent, delivery-honest action (0.767253ms)
✔ signed-out invitation UI defaults to sign in and reveals accessible account creation only for a ready preview (0.554273ms)
✔ password recovery is enumeration-safe, same-origin, accessible, and provider-event driven (0.625095ms)
✔ authenticated family onboarding handles invite decisions and honest zero-family choices (0.433991ms)
✔ Home Updates card is compact, truthful, and marks opened or all updates read (0.217124ms)
✔ new light-surface actions use explicit high-contrast plum controls without secondary Button tone (1.605351ms)
✔ mobile shell and primary flows expose landmarks, headings, useful image names, and form errors (0.598788ms)
✔ decorative surfaces stay static while images honor reduced-motion preference (0.692027ms)
✔ labeled mobile navigation does not load a decorative icon font (0.202249ms)
✔ mobile performance gate retains the approved throttling and acceptance budgets (0.301467ms)
✔ Family roles come from membership data and decorative glows cannot widen the document (0.625868ms)
✔ mock service completes create, refetch, same-detail, and RSVP loop (1093.823319ms)
✔ event form validates required family-plan details and accepts optional notes (1.254985ms)
✔ event plan permissions, edits, and cancellation are durable and event-scoped (978.77699ms)
✔ unchanged displayed schedule preserves the exact second DST fallback instant (1.108237ms)
✔ Event Detail keeps its 320px hierarchy simple and progressively discloses photo fields (0.842907ms)
✔ Supabase event cancellation fails closed for media and zero-row deletes (0.430708ms)
✔ hosted RPC grants keep authenticated operations unavailable to anonymous callers (0.420881ms)
✔ forward media migration persists an active-only, retryable object lifecycle (1.145562ms)
✔ Supabase media contract validates bytes and uses persisted lifecycle RPCs (0.80451ms)
✔ Supabase location updates read and rewrite authoritative Plan and Logistics timeline details (0.410344ms)
✔ failed durable plan updates and cancellations do not publish partial state (485.94286ms)
✔ created trip and RSVP survive durable reconstruction and feed all family plan views (850.419038ms)
✔ mock service is group-scoped, chronological, and instance-local (603.388519ms)
✔ mock service orders mixed-offset events by instant regardless of insertion order (362.368915ms)
✔ mock thread is event-scoped, rejects blank sends, persists identity, and orders by instant with stable ties (362.491475ms)
✔ thread Query contract is event-keyed and invalidates after send (0.465843ms)
✔ Event Detail renders truthful thread states and a recoverable composer without fixture fallback (0.714956ms)
✔ zero-event selectors stay honest and unknown detail is explicit (0.692427ms)
✔ Calendar excludes completed events before deriving its upcoming month and agenda (1.279287ms)
✔ Calendar agenda copy can shrink before its status chip at narrow and zoomed widths (0.21163ms)
✔ completed-event history is derived chronologically and keeps exact event comments and photos isolated (0.997088ms)
✔ derived family history has truthful empty behavior and excludes unfinished events (0.553357ms)
✔ completed-event comments and photos remain truthful after durable reconstruction (850.355587ms)
✔ history UI uses service truth, exact-event navigation, and has no fake reminder or photo counters (1.477868ms)
✔ Home selector keeps the next event prominent and orders every later event (1.216807ms)
✔ Home renders each additional upcoming event with its exact-ID open action (0.392139ms)
✔ event draft weekday agrees with its August 3 date (0.191217ms)
✔ Query and screens expose truthful event states without configured fixture fallback (0.854156ms)
✔ representative capacity timing ignores one scheduler outlier but rejects sustained regressions (1.249093ms)
✔ representative family capacity preserves exact event identity and stays within local processing budgets (917.07495ms)
ℹ representative volume: 20 members, 100 events, 100 comments, 50 media; parallel reads median 120.8ms [120.8, 120.7, 120.9]; selectors median 17.4ms [17.4, 16.6, 21.1]; durable reconstruction 497.3ms
✔ event message subscription is exact-key, reconnecting, and inert after cleanup (0.955031ms)
✔ message reconciliation replaces a stale initial fetch after Postgres readiness (16.131498ms)
✔ lifecycle status failure eviction removes populated protected caches only (1.107814ms)
✔ hosted family harness is exact-project, staging-acknowledged, synthetic, and cleanup-bounded (0.711877ms)
✔ hosted family evidence redacts credentials and emits only bounded handoff/result fields (0.396813ms)
✔ real owner starter seed is exact-project, explicitly acknowledged, idempotent, and attribution-preserving (0.440533ms)
✔ real owner starter seed redacts ephemeral auth and clears provider keys (0.300811ms)
✔ hosted availability monitor is no-secret, exact-target, and privacy-safe (0.346458ms)
✔ hosted backup packages protected schemas and private bytes under client encryption (0.373734ms)
✔ browser evidence URLs retain only origin and pathname (1.380034ms)
✔ browser console evidence redacts URLs and bare credential-shaped values (1.680902ms)
✔ OPORD 014 uses persisted Chrome browser zoom rather than page or CSS scaling (1.520168ms)
✔ OPORD 014 browser-zoom matrix retains roles, core screens, and usability assertions (0.739737ms)
✔ cross-browser core-loop proof uses native Edge CDP and Firefox BiDi with one semantic matrix (0.78183ms)
✔ CI exposes stable least-privilege quality checks (1.941978ms)
✔ lint dependencies and command are exact and substantive (0.60998ms)
✔ migration checksum inventory exactly matches the SQL files (3.867818ms)
✔ lifecycle planner denies cross-user scope (2.998782ms)
✔ lifecycle planner is deterministic, self-scoped, bounded, and never destructive (16.261477ms)
✔ lifecycle planner reports both row and object orphans without proposing deletion (0.312707ms)
✔ local backup encryption authenticates round trips and rejects tampering (669.732186ms)
✔ invitation proof requires a trusted full source, digest, approval reference, and unchanged artifact (7.951251ms)
✔ hosted proof verifies source, artifact, runtime, and served payload bytes using read-only requests (14.786675ms)
✔ stale release refuses further requests before any hosted fixture can be created (2.611283ms)
✔ matching release labels cannot hide substituted payload bytes (8.099486ms)
✔ the root document must match the artifact even when index.html is correct (2.97032ms)
✔ publishable key comparison uses the bounded runtime read without returning the key (5.603538ms)
✔ oversized hosted payload is rejected while streaming rather than accepted by its manifest (2.859624ms)
✔ an unavailable hosted payload cannot count as verified (2.241173ms)
✔ full commit mismatch is rejected even when the abbreviated release label matches (2.195515ms)
✔ hosted proof rejects another backend and cacheable runtime configuration (5.724688ms)
✔ builds and verifies a target-neutral static Netlify publish envelope from one immutable artifact (323.790495ms)
✔ rejects drifted Netlify headers and redirects (565.712056ms)
✔ rejects tampered artifact bytes without publishing a deployment envelope (94.16891ms)
✔ rejects an unmanifested symbolic link without publishing a deployment envelope (105.945864ms)
✔ rejects secret-like runtime configuration without publishing a deployment envelope (83.785844ms)
✔ rejects a non-string environment identity without publishing a deployment envelope (124.797046ms)
✔ requires the trusted CI artifact digest and source commit (199.256863ms)
✔ rejects invalid manifest identity even when its internal digest is self-consistent (110.096991ms)
✔ rejects duplicate manifest paths even when its internal digest is self-consistent (133.817913ms)
✔ CI builds the exact event head once and uploads it without deployment credentials or remotes (1.35149ms)
✔ server origin and sender validation is exact and header-safe (2.128018ms)
✔ invocation accepts only canonical token and exact bounded fields (2.127793ms)
✔ streamed JSON reader accepts missing-length chunks and rejects oversized chunks before parsing (10.166871ms)
✔ prepared RPC values are fail-closed and labels are flattened (0.586576ms)
✔ Resend request is text-only, static-subject, idempotent, and contains no tracking fields (0.941251ms)
✔ provider success finalizes through trusted actor parameters (5.474608ms)
✔ provider failure is finalized without claiming delivery (0.52145ms)
✔ response-loss replay already accepted skips provider and finalize (0.571388ms)
✔ finalize failure fails closed after provider acceptance (0.903373ms)
✔ delivery ledger is private and excludes invitation contents and provider identifiers (1.801475ms)
✔ prepare and service-only finalize enforce active owner and exact pending invitation checks (0.51572ms)
✔ Edge Function is pinned, user-authenticated, exact-origin, and server-configured (0.309867ms)
✔ audited Metro compatibility shim is exact, fail-closed, and idempotent (7.874571ms)
✔ concept documentation artifacts exist (1.74395ms)
✔ accepted ADRs use the numeric filename convention and required sections (0.760082ms)
✔ engineering campaign contains exactly 17 ordered OPORDs with executable task contracts (6.812452ms)
✔ OPORD dependency graph is resolvable and acyclic (2.71271ms)
✔ OPORD index resolves dependencies and covers the full engineering scope (4.079799ms)
✔ OPORD evidence dispositions stay reconciled with the configured staging proof boundary (6.975188ms)
✔ active campaign is responsive-web and preserves renamed testing and release orders (1.086582ms)
✔ spec roadmap includes MVP and roadmap phases (0.341502ms)
✔ wireframe and prototype concept boards include LoopedIn framing (0.588232ms)
✔ brand package and landing page contain brand and product positioning (0.791486ms)
✔ architecture workflow doc covers app structure, sample data, and contributor flow (0.419824ms)
✔ active OPORDs do not require native application testing (1.904126ms)
✔ telemetry operations accept only aggregate safe fields and enforce alerts (11.420584ms)
✔ telemetry workflow is hourly, least-privilege, staging-scoped, and secret-safe (0.613667ms)
✔ hosted telemetry proof is dedicated, synthetic, bounded, and residue-safe (0.416667ms)
✔ virtual week: three relatives coordinate seven plans and reconstruct the same history (4183.157186ms)
✔ virtual week: double submits and lost acknowledgements produce one event and one comment (982.184577ms)
✔ virtual week: concurrent messages retain every actor and event association (2461.808088ms)
✔ virtual week: failed edits preserve the committed plan and allow a visible retry (634.862373ms)
✔ virtual week: outsider and wrong-role actions cannot read or alter another family plan (703.107317ms)
✔ virtual week: a family arriving during an event still finds it on Home until it ends (254.94512ms)
✔ virtual week: Calendar does not mark this year with a same-month event from next year (245.202697ms)
✔ virtual week: cancelling a populated event removes its dependent local records (739.295522ms)
✔ web form fields expose stable identifiers and intentional autocomplete metadata (2.908915ms)
✔ release build contract pins one runtime-configured artifact and disables dotenv/backend inheritance (2.324396ms)
✔ web bootstrap validates external configuration before creating application services (0.713207ms)
✔ release preview swaps aliases while retaining SPA, security, and cache contracts (241.488102ms)
ℹ tests 177
ℹ suites 0
ℹ pass 177
ℹ fail 0
ℹ cancelled 0
ℹ skipped 0
ℹ todo 0
ℹ duration_ms 28531.406789
